// Jest Snapshot v1, https://goo.gl/fbAQLP

exports[`scraper happy path should work: happy path scrape result 1`] = `
Object {
  "accounts": Array [
    Object {
      "balance": 499.99,
      "id": "BYN_ACCOUNT_ID",
      "instrument": "BYN",
      "syncID": Array [
        "2345",
      ],
      "title": "BYNdefaultSynonym",
      "type": "ccard",
    },
    Object {
      "balance": 100.5,
      "id": "USD_ACCOUNT_ID",
      "instrument": "USD",
      "syncID": Array [
        "1234",
      ],
      "title": "USDcustomSynonym",
      "type": "ccard",
    },
  ],
  "transactions": Array [
    Object {
      "comment": "4.00 BYN
(rate=2.0000)",
      "date": 2016-12-31T21:00:00.000Z,
      "hold": false,
      "merchant": Object {
        "location": null,
        "mcc": null,
        "title": "BLR",
      },
      "movements": Array [
        Object {
          "account": Object {
            "id": "USD_ACCOUNT_ID",
          },
          "fee": 0,
          "id": null,
          "invoice": Object {
            "instrument": "BYN",
            "sum": 4,
          },
          "sum": 2,
        },
      ],
    },
    Object {
      "comment": "Поступление на контракт клиента #ID",
      "date": 2016-12-31T21:00:00.000Z,
      "hold": false,
      "merchant": Object {
        "location": null,
        "mcc": null,
        "title": null,
      },
      "movements": Array [
        Object {
          "account": Object {
            "id": "USD_ACCOUNT_ID",
          },
          "fee": 0,
          "id": null,
          "invoice": null,
          "sum": 1000,
        },
      ],
    },
    Object {
      "comment": "Payment From Client Contract",
      "date": 2017-01-02T21:00:00.000Z,
      "hold": false,
      "merchant": Object {
        "location": null,
        "mcc": null,
        "title": null,
      },
      "movements": Array [
        Object {
          "account": Object {
            "id": "BYN_ACCOUNT_ID",
          },
          "fee": 0,
          "id": null,
          "invoice": null,
          "sum": -4,
        },
      ],
    },
    Object {
      "comment": "Поступление на контракт клиента #ID",
      "date": 2017-01-02T21:00:00.000Z,
      "hold": false,
      "merchant": Object {
        "location": null,
        "mcc": null,
        "title": null,
      },
      "movements": Array [
        Object {
          "account": Object {
            "id": "BYN_ACCOUNT_ID",
          },
          "fee": 0,
          "id": null,
          "invoice": null,
          "sum": 10,
        },
      ],
    },
    Object {
      "comment": null,
      "date": 2017-01-05T21:00:00.000Z,
      "hold": false,
      "merchant": Object {
        "location": null,
        "mcc": null,
        "title": "NLD",
      },
      "movements": Array [
        Object {
          "account": Object {
            "id": "USD_ACCOUNT_ID",
          },
          "fee": 0,
          "id": null,
          "invoice": null,
          "sum": -2.79,
        },
      ],
    },
    Object {
      "comment": "100.00 BYN
(rate=1.9736)",
      "date": 2017-01-07T21:00:00.000Z,
      "hold": false,
      "merchant": Object {
        "location": null,
        "mcc": null,
        "title": "BLR",
      },
      "movements": Array [
        Object {
          "account": Object {
            "company": null,
            "instrument": "BYN",
            "syncIds": null,
            "type": "cash",
          },
          "fee": 0,
          "id": null,
          "invoice": null,
          "sum": 100,
        },
        Object {
          "account": Object {
            "id": "USD_ACCOUNT_ID",
          },
          "fee": 0,
          "id": null,
          "invoice": Object {
            "instrument": "BYN",
            "sum": -100,
          },
          "sum": -50.67,
        },
      ],
    },
    Object {
      "comment": null,
      "date": 2017-01-07T21:00:00.000Z,
      "hold": false,
      "merchant": Object {
        "location": null,
        "mcc": null,
        "title": "BLR",
      },
      "movements": Array [
        Object {
          "account": Object {
            "company": null,
            "instrument": "USD",
            "syncIds": null,
            "type": "cash",
          },
          "fee": 0,
          "id": null,
          "invoice": null,
          "sum": 200,
        },
        Object {
          "account": Object {
            "id": "USD_ACCOUNT_ID",
          },
          "fee": 0,
          "id": null,
          "invoice": null,
          "sum": -200,
        },
      ],
    },
    Object {
      "comment": null,
      "date": 2017-01-08T21:00:00.000Z,
      "hold": true,
      "merchant": Object {
        "location": null,
        "mcc": null,
        "title": "BLR",
      },
      "movements": Array [
        Object {
          "account": Object {
            "id": "BYN_ACCOUNT_ID",
          },
          "fee": 0,
          "id": null,
          "invoice": null,
          "sum": -6,
        },
      ],
    },
    Object {
      "comment": "202.34 BYN
(rate=2.0234)",
      "date": 2017-01-09T21:00:00.000Z,
      "hold": true,
      "merchant": Object {
        "location": null,
        "mcc": null,
        "title": "BLR",
      },
      "movements": Array [
        Object {
          "account": Object {
            "id": "USD_ACCOUNT_ID",
          },
          "fee": 0,
          "id": null,
          "invoice": Object {
            "instrument": "BYN",
            "sum": -202.34,
          },
          "sum": -100,
        },
      ],
    },
    Object {
      "comment": "20.00 BYN
(rate=2.0000)",
      "date": 2017-01-09T21:00:00.000Z,
      "hold": false,
      "merchant": Object {
        "location": null,
        "mcc": null,
        "title": "BLR",
      },
      "movements": Array [
        Object {
          "account": Object {
            "id": "USD_ACCOUNT_ID",
          },
          "fee": 0,
          "id": null,
          "invoice": Object {
            "instrument": "BYN",
            "sum": -20,
          },
          "sum": -10,
        },
      ],
    },
  ],
}
`;
